// Jest Snapshot v1, https://goo.gl/fbAQLP

exports[`TaskAdder renders correctly 1`] = `<TaskAdder />`;
